// Jest Snapshot v1, https://goo.gl/fbAQLP

exports[`Contact component renders renders 1`] = `
<DocumentFragment>
  <section>
    <h1
      data-testid="h1tag"
    >
      Contact me
    </h1>
    <form
      id="contact-form"
    >
      <div>
        <label
          for="name"
        >
          Name:
        </label>
        <input
          name="name"
          type="text"
          value=""
        />
      </div>
      <div>
        <label
          for="email"
        >
          Email address:
        </label>
        <input
          name="email"
          type="email"
          value=""
        />
      </div>
      <div>
        <label
          for="message"
        >
          Message:
        </label>
        <textarea
          name="message"
          rows="5"
        />
      </div>
      <button
        data-testid="button"
        type="submit"
      >
        Submit
      </button>
    </form>
    <div
      class="footer-container"
    >
      <a
        class="foot-link"
        href="https://github.com/spbhanda"
      >
        <i
          class="fab fa-github"
        />
      </a>
      <a
        class="footer-link"
        href="https://www.linkedin.com/in/shom-b-6704a392/"
      >
        <i
          class="fa-brands fa-linkedin"
        />
      </a>
    </div>
  </section>
</DocumentFragment>
`;
